
> react-typescript-starter@0.1.0 test
> react-scripts test "--coverage"

PASS src/nested.test.ts
  ● Console

    console.log
      0

      at findQuestion (src/nested.ts:41:13)

    console.log
      1

      at findQuestion (src/nested.ts:41:13)

    console.log
      2

      at findQuestion (src/nested.ts:41:13)

    console.log
      -1

      at findQuestion (src/nested.ts:41:13)

    console.log
      0

      at findQuestion (src/nested.ts:41:13)

    console.log
      1

      at findQuestion (src/nested.ts:41:13)

    console.log
      2

      at findQuestion (src/nested.ts:41:13)

    console.log
      3

      at findQuestion (src/nested.ts:41:13)

    console.log
      -1

      at findQuestion (src/nested.ts:41:13)

    console.log
      0

      at findQuestion (src/nested.ts:41:13)

    console.log
      -1

      at findQuestion (src/nested.ts:41:13)

PASS src/arrays.test.ts
PASS src/objects.test.ts
  ● Console

    console.log
      # Addition
      What is 2+2?

      at toMarkdown (src/objects.ts:92:13)

    console.log
      # Letters
      What is the last letter of the English alphabet?

      at toMarkdown (src/objects.ts:92:13)

    console.log
      # Colors
      Which of these is a color?
      - red
      - apple
      - firetruck

      at toMarkdown (src/objects.ts:92:13)

    console.log
      # Shapes
      What shape can you make with one line?
      - square
      - triangle
      - circle

      at toMarkdown (src/objects.ts:92:13)

PASS src/components/StartAttempt.test.tsx
PASS src/components/TwoDice.test.tsx
FAIL src/HtmlCss.test.tsx
  ● Some HTML Elements are added. › There is a header

    TestingLibraryElementError: Unable to find an accessible element with the role "heading"

    Here are the accessible roles:

      banner:

      Name "":
      [36m<header[39m
        [33mclass[39m=[32m"App-header"[39m
      [36m/>[39m

      --------------------------------------------------
      separator:

      Name "":
      [36m<hr />[39m

      Name "":
      [36m<hr />[39m

      Name "":
      [36m<hr />[39m

      Name "":
      [36m<hr />[39m

      Name "":
      [36m<hr />[39m

      Name "":
      [36m<hr />[39m

      --------------------------------------------------
      button:

      Name "Add One":
      [36m<button[39m
        [33mclass[39m=[32m"btn btn-primary"[39m
        [33mtype[39m=[32m"button"[39m
      [36m/>[39m

      Name "Reveal Answer":
      [36m<button[39m
        [33mclass[39m=[32m"btn btn-primary"[39m
        [33mtype[39m=[32m"button"[39m
      [36m/>[39m

      Name "Start Quiz":
      [36m<button[39m
        [33mclass[39m=[32m"btn btn-primary"[39m
        [33mtype[39m=[32m"button"[39m
      [36m/>[39m

      Name "Stop Quiz":
      [36m<button[39m
        [33mclass[39m=[32m"btn btn-primary"[39m
        [33mdisabled[39m=[32m""[39m
        [33mtype[39m=[32m"button"[39m
      [36m/>[39m

      Name "Mulligan":
      [36m<button[39m
        [33mclass[39m=[32m"btn btn-primary"[39m
        [33mtype[39m=[32m"button"[39m
      [36m/>[39m

      Name "Roll Left":
      [36m<button[39m
        [33mclass[39m=[32m"btn btn-primary"[39m
        [33mtype[39m=[32m"button"[39m
      [36m/>[39m

      Name "Roll Right":
      [36m<button[39m
        [33mclass[39m=[32m"btn btn-primary"[39m
        [33mtype[39m=[32m"button"[39m
      [36m/>[39m

      Name "Change Type":
      [36m<button[39m
        [33mclass[39m=[32m"btn btn-primary"[39m
        [33mtype[39m=[32m"button"[39m
      [36m/>[39m

      Name "Advance by Alphabet":
      [36m<button[39m
        [33mclass[39m=[32m"btn btn-primary"[39m
        [33mtype[39m=[32m"button"[39m
      [36m/>[39m

      Name "Advance by Year":
      [36m<button[39m
        [33mclass[39m=[32m"btn btn-primary"[39m
        [33mtype[39m=[32m"button"[39m
      [36m/>[39m

      --------------------------------------------------

    Ignored nodes: comments, <script />, <style />
    [36m<body>[39m
      [36m<div>[39m
        [36m<div[39m
          [33mclass[39m=[32m"App"[39m
        [36m>[39m
          [36m<header[39m
            [33mclass[39m=[32m"App-header"[39m
          [36m>[39m
            [0mUD CISC275 with React Hooks and TypeScript.[0m
          [36m</header>[39m
          [36m<hr />[39m
          [36m<span>[39m
            [36m<button[39m
              [33mclass[39m=[32m"btn btn-primary"[39m
              [33mtype[39m=[32m"button"[39m
            [36m>[39m
              [0mAdd One[0m
            [36m</button>[39m
            [0mto [0m
            [0m0[0m
            [0m.[0m
          [36m</span>[39m
          [36m<hr />[39m
          [36m<div>[39m
            [36m<button[39m
              [33mclass[39m=[32m"btn btn-primary"[39m
              [33mtype[39m=[32m"button"[39m
            [36m>[39m
              [0mReveal Answer[0m
            [36m</button>[39m
          [36m</div>[39m
          [36m<hr />[39m
          [36m<div>[39m
            [36m<div>[39m
              [0mStart Attempt[0m
            [36m</div>[39m
            [36m<div>[39m
              [0m [0m
              [0m4[0m
              [0m [0m
            [36m</div>[39m
            [36m<button[39m
              [33mclass[39m=[32m"btn btn-primary"[39m
              [33mtype[39m=[32m"button"[39m
            [36m>[39m
              [0mStart Quiz[0m
            [36m</button>[39m
            [36m<button[39m
              [33mclass[39m=[32m"btn btn-primary"[39m
              [33mdisabled[39m=[32m""[39m
              [33mtype[39m=[32m"button"[39m
            [36m>[39m
              [0mStop Quiz[0m
            [36m</button>[39m
            [36m<button[39m
              [33mclass[39m=[32m"btn btn-primary"[39m
              [33mtype[39m=[32m"button"[39m
            [36m>[39m
              [0mMulligan[0m
            [36m</button>[39m
          [36m</div>[39m
          [36m<hr />[39m
          [36m<div>[39m
            [36m<div>[39m
              [0mTwo Dice[0m
            [36m</div>[39m
            [36m<button[39m
              [33mclass[39m=[32m"btn btn-primary"[39m
              [33mtype[39m=[32m"button"[39m
            [36m>[39m
              [0mRoll Left[0m
            [36m</button>[39m
            [36m<span[39m
              [33mdata-testid[39m=[32m"left-die"[39m
            [36m>[39m
              [0m1[0m
            [36m</span>[39m
            [36m<button[39m
              [33mclass[39m=[32m"btn btn-primary"[39m
              [33mtype[39m=[32m"button"[39m
            [36m>[39m
              [0mRoll Right[0m
            [36m</button>[39m
            [36m<span[39m
              [33mdata-testid[39m=[32m"right-die"[39m
            [36m>[39m
              [0m6[0m
            [36m</span>[39m
            [36m<div>[39m
              [0m null [0m
            [36m</div>[39m
            [36m<div>[39m
              [0m null [0m
            [36m</div>[39m
          [36m</div>[39m
          [36m<hr />[39m
          [36m<div>[39m
            [36m<button[39m
              [33mclass[39m=[32m"btn btn-primary"[39m
              [33mtype[39m=[32m"button"[39m
            [36m>[39m
              [0mChange Type[0m
            [36m</button>[39m
            [36m<span>[39m
              [0mShort Answer[0m
            [36m</span>[39m
          [36m</div>[39m
          [36m<hr />[39m
          [36m<div>[39m
            [36m<div>[39m
              [0mCycle Holiday[0m
            [36m</div>[39m
            [36m<button[39m
              [33mclass[39m=[32m"btn btn-primary"[39m
              [33mtype[39m=[32m"button"[39m
            [36m>[39m
              [0mAdvance by Alphabet[0m
            [36m</button>[39m
            [36m<button[39m
              [33mclass[39m=[32m"btn btn-primary"[39m
              [33mtype[39m=[32m"button"[39m
            [36m>[39m
              [0mAdvance by Year[0m
            [36m</button>[39m
            [36m<div>[39m
              [36m<span>[39m
                [0m Holiday: 👑 [0m
              [36m</span>[39m
            [36m</div>[39m
          [36m</div>[39m
        [36m</div>[39m
      [36m</div>[39m
    [36m</body>[39m

       7 |     test("There is a header", () => {
       8 |         render(<App />);
    >  9 |         const header = screen.getByRole("heading");
         |                               ^
      10 |         expect(header).toBeInTheDocument();
      11 |     });
      12 |

      at Object.getElementError (node_modules/@testing-library/dom/dist/config.js:38:19)
      at node_modules/@testing-library/dom/dist/query-helpers.js:90:38
      at node_modules/@testing-library/dom/dist/query-helpers.js:62:17
      at getByRole (node_modules/@testing-library/dom/dist/query-helpers.js:111:19)
      at Object.<anonymous> (src/HtmlCss.test.tsx:9:31)

  ● Some HTML Elements are added. › There is an image with alt text

    TestingLibraryElementError: Unable to find an accessible element with the role "img"

    Here are the accessible roles:

      banner:

      Name "":
      [36m<header[39m
        [33mclass[39m=[32m"App-header"[39m
      [36m/>[39m

      --------------------------------------------------
      separator:

      Name "":
      [36m<hr />[39m

      Name "":
      [36m<hr />[39m

      Name "":
      [36m<hr />[39m

      Name "":
      [36m<hr />[39m

      Name "":
      [36m<hr />[39m

      Name "":
      [36m<hr />[39m

      --------------------------------------------------
      button:

      Name "Add One":
      [36m<button[39m
        [33mclass[39m=[32m"btn btn-primary"[39m
        [33mtype[39m=[32m"button"[39m
      [36m/>[39m

      Name "Reveal Answer":
      [36m<button[39m
        [33mclass[39m=[32m"btn btn-primary"[39m
        [33mtype[39m=[32m"button"[39m
      [36m/>[39m

      Name "Start Quiz":
      [36m<button[39m
        [33mclass[39m=[32m"btn btn-primary"[39m
        [33mtype[39m=[32m"button"[39m
      [36m/>[39m

      Name "Stop Quiz":
      [36m<button[39m
        [33mclass[39m=[32m"btn btn-primary"[39m
        [33mdisabled[39m=[32m""[39m
        [33mtype[39m=[32m"button"[39m
      [36m/>[39m

      Name "Mulligan":
      [36m<button[39m
        [33mclass[39m=[32m"btn btn-primary"[39m
        [33mtype[39m=[32m"button"[39m
      [36m/>[39m

      Name "Roll Left":
      [36m<button[39m
        [33mclass[39m=[32m"btn btn-primary"[39m
        [33mtype[39m=[32m"button"[39m
      [36m/>[39m

      Name "Roll Right":
      [36m<button[39m
        [33mclass[39m=[32m"btn btn-primary"[39m
        [33mtype[39m=[32m"button"[39m
      [36m/>[39m

      Name "Change Type":
      [36m<button[39m
        [33mclass[39m=[32m"btn btn-primary"[39m
        [33mtype[39m=[32m"button"[39m
      [36m/>[39m

      Name "Advance by Alphabet":
      [36m<button[39m
        [33mclass[39m=[32m"btn btn-primary"[39m
        [33mtype[39m=[32m"button"[39m
      [36m/>[39m

      Name "Advance by Year":
      [36m<button[39m
        [33mclass[39m=[32m"btn btn-primary"[39m
        [33mtype[39m=[32m"button"[39m
      [36m/>[39m

      --------------------------------------------------

    Ignored nodes: comments, <script />, <style />
    [36m<body>[39m
      [36m<div>[39m
        [36m<div[39m
          [33mclass[39m=[32m"App"[39m
        [36m>[39m
          [36m<header[39m
            [33mclass[39m=[32m"App-header"[39m
          [36m>[39m
            [0mUD CISC275 with React Hooks and TypeScript.[0m
          [36m</header>[39m
          [36m<hr />[39m
          [36m<span>[39m
            [36m<button[39m
              [33mclass[39m=[32m"btn btn-primary"[39m
              [33mtype[39m=[32m"button"[39m
            [36m>[39m
              [0mAdd One[0m
            [36m</button>[39m
            [0mto [0m
            [0m0[0m
            [0m.[0m
          [36m</span>[39m
          [36m<hr />[39m
          [36m<div>[39m
            [36m<button[39m
              [33mclass[39m=[32m"btn btn-primary"[39m
              [33mtype[39m=[32m"button"[39m
            [36m>[39m
              [0mReveal Answer[0m
            [36m</button>[39m
          [36m</div>[39m
          [36m<hr />[39m
          [36m<div>[39m
            [36m<div>[39m
              [0mStart Attempt[0m
            [36m</div>[39m
            [36m<div>[39m
              [0m [0m
              [0m4[0m
              [0m [0m
            [36m</div>[39m
            [36m<button[39m
              [33mclass[39m=[32m"btn btn-primary"[39m
              [33mtype[39m=[32m"button"[39m
            [36m>[39m
              [0mStart Quiz[0m
            [36m</button>[39m
            [36m<button[39m
              [33mclass[39m=[32m"btn btn-primary"[39m
              [33mdisabled[39m=[32m""[39m
              [33mtype[39m=[32m"button"[39m
            [36m>[39m
              [0mStop Quiz[0m
            [36m</button>[39m
            [36m<button[39m
              [33mclass[39m=[32m"btn btn-primary"[39m
              [33mtype[39m=[32m"button"[39m
            [36m>[39m
              [0mMulligan[0m
            [36m</button>[39m
          [36m</div>[39m
          [36m<hr />[39m
          [36m<div>[39m
            [36m<div>[39m
              [0mTwo Dice[0m
            [36m</div>[39m
            [36m<button[39m
              [33mclass[39m=[32m"btn btn-primary"[39m
              [33mtype[39m=[32m"button"[39m
            [36m>[39m
              [0mRoll Left[0m
            [36m</button>[39m
            [36m<span[39m
              [33mdata-testid[39m=[32m"left-die"[39m
            [36m>[39m
              [0m1[0m
            [36m</span>[39m
            [36m<button[39m
              [33mclass[39m=[32m"btn btn-primary"[39m
              [33mtype[39m=[32m"button"[39m
            [36m>[39m
              [0mRoll Right[0m
            [36m</button>[39m
            [36m<span[39m
              [33mdata-testid[39m=[32m"right-die"[39m
            [36m>[39m
              [0m6[0m
            [36m</span>[39m
            [36m<div>[39m
              [0m null [0m
            [36m</div>[39m
            [36m<div>[39m
              [0m null [0m
            [36m</div>[39m
          [36m</div>[39m
          [36m<hr />[39m
          [36m<div>[39m
            [36m<button[39m
              [33mclass[39m=[32m"btn btn-primary"[39m
              [33mtype[39m=[32m"button"[39m
            [36m>[39m
              [0mChange Type[0m
            [36m</button>[39m
            [36m<span>[39m
              [0mShort Answer[0m
            [36m</span>[39m
          [36m</div>[39m
          [36m<hr />[39m
          [36m<div>[39m
            [36m<div>[39m
              [0mCycle Holiday[0m
            [36m</div>[39m
            [36m<button[39m
              [33mclass[39m=[32m"btn btn-primary"[39m
              [33mtype[39m=[32m"button"[39m
            [36m>[39m
              [0mAdvance by Alphabet[0m
            [36m</button>[39m
            [36m<button[39m
              [33mclass[39m=[32m"btn btn-primary"[39m
              [33mtype[39m=[32m"button"[39m
            [36m>[39m
              [0mAdvance by Year[0m
            [36m</button>[39m
            [36m<div>[39m
              [36m<span>[39m
                [0m Holiday: 👑 [0m
              [36m</span>[39m
            [36m</div>[39m
          [36m</div>[39m
        [36m</div>[39m
      [36m</div>[39m
    [36m</body>[39m

      13 |     test("There is an image with alt text", () => {
      14 |         render(<App />);
    > 15 |         const image = screen.getByRole("img");
         |                              ^
      16 |         expect(image).toBeInTheDocument();
      17 |         expect(image).toHaveAttribute("alt");
      18 |     });

      at Object.getElementError (node_modules/@testing-library/dom/dist/config.js:38:19)
      at node_modules/@testing-library/dom/dist/query-helpers.js:90:38
      at node_modules/@testing-library/dom/dist/query-helpers.js:62:17
      at getByRole (node_modules/@testing-library/dom/dist/query-helpers.js:111:19)
      at Object.<anonymous> (src/HtmlCss.test.tsx:15:30)

  ● Some HTML Elements are added. › There is a list with at least three elements

    TestingLibraryElementError: Unable to find an accessible element with the role "list"

    Here are the accessible roles:

      banner:

      Name "":
      [36m<header[39m
        [33mclass[39m=[32m"App-header"[39m
      [36m/>[39m

      --------------------------------------------------
      separator:

      Name "":
      [36m<hr />[39m

      Name "":
      [36m<hr />[39m

      Name "":
      [36m<hr />[39m

      Name "":
      [36m<hr />[39m

      Name "":
      [36m<hr />[39m

      Name "":
      [36m<hr />[39m

      --------------------------------------------------
      button:

      Name "Add One":
      [36m<button[39m
        [33mclass[39m=[32m"btn btn-primary"[39m
        [33mtype[39m=[32m"button"[39m
      [36m/>[39m

      Name "Reveal Answer":
      [36m<button[39m
        [33mclass[39m=[32m"btn btn-primary"[39m
        [33mtype[39m=[32m"button"[39m
      [36m/>[39m

      Name "Start Quiz":
      [36m<button[39m
        [33mclass[39m=[32m"btn btn-primary"[39m
        [33mtype[39m=[32m"button"[39m
      [36m/>[39m

      Name "Stop Quiz":
      [36m<button[39m
        [33mclass[39m=[32m"btn btn-primary"[39m
        [33mdisabled[39m=[32m""[39m
        [33mtype[39m=[32m"button"[39m
      [36m/>[39m

      Name "Mulligan":
      [36m<button[39m
        [33mclass[39m=[32m"btn btn-primary"[39m
        [33mtype[39m=[32m"button"[39m
      [36m/>[39m

      Name "Roll Left":
      [36m<button[39m
        [33mclass[39m=[32m"btn btn-primary"[39m
        [33mtype[39m=[32m"button"[39m
      [36m/>[39m

      Name "Roll Right":
      [36m<button[39m
        [33mclass[39m=[32m"btn btn-primary"[39m
        [33mtype[39m=[32m"button"[39m
      [36m/>[39m

      Name "Change Type":
      [36m<button[39m
        [33mclass[39m=[32m"btn btn-primary"[39m
        [33mtype[39m=[32m"button"[39m
      [36m/>[39m

      Name "Advance by Alphabet":
      [36m<button[39m
        [33mclass[39m=[32m"btn btn-primary"[39m
        [33mtype[39m=[32m"button"[39m
      [36m/>[39m

      Name "Advance by Year":
      [36m<button[39m
        [33mclass[39m=[32m"btn btn-primary"[39m
        [33mtype[39m=[32m"button"[39m
      [36m/>[39m

      --------------------------------------------------

    Ignored nodes: comments, <script />, <style />
    [36m<body>[39m
      [36m<div>[39m
        [36m<div[39m
          [33mclass[39m=[32m"App"[39m
        [36m>[39m
          [36m<header[39m
            [33mclass[39m=[32m"App-header"[39m
          [36m>[39m
            [0mUD CISC275 with React Hooks and TypeScript.[0m
          [36m</header>[39m
          [36m<hr />[39m
          [36m<span>[39m
            [36m<button[39m
              [33mclass[39m=[32m"btn btn-primary"[39m
              [33mtype[39m=[32m"button"[39m
            [36m>[39m
              [0mAdd One[0m
            [36m</button>[39m
            [0mto [0m
            [0m0[0m
            [0m.[0m
          [36m</span>[39m
          [36m<hr />[39m
          [36m<div>[39m
            [36m<button[39m
              [33mclass[39m=[32m"btn btn-primary"[39m
              [33mtype[39m=[32m"button"[39m
            [36m>[39m
              [0mReveal Answer[0m
            [36m</button>[39m
          [36m</div>[39m
          [36m<hr />[39m
          [36m<div>[39m
            [36m<div>[39m
              [0mStart Attempt[0m
            [36m</div>[39m
            [36m<div>[39m
              [0m [0m
              [0m4[0m
              [0m [0m
            [36m</div>[39m
            [36m<button[39m
              [33mclass[39m=[32m"btn btn-primary"[39m
              [33mtype[39m=[32m"button"[39m
            [36m>[39m
              [0mStart Quiz[0m
            [36m</button>[39m
            [36m<button[39m
              [33mclass[39m=[32m"btn btn-primary"[39m
              [33mdisabled[39m=[32m""[39m
              [33mtype[39m=[32m"button"[39m
            [36m>[39m
              [0mStop Quiz[0m
            [36m</button>[39m
            [36m<button[39m
              [33mclass[39m=[32m"btn btn-primary"[39m
              [33mtype[39m=[32m"button"[39m
            [36m>[39m
              [0mMulligan[0m
            [36m</button>[39m
          [36m</div>[39m
          [36m<hr />[39m
          [36m<div>[39m
            [36m<div>[39m
              [0mTwo Dice[0m
            [36m</div>[39m
            [36m<button[39m
              [33mclass[39m=[32m"btn btn-primary"[39m
              [33mtype[39m=[32m"button"[39m
            [36m>[39m
              [0mRoll Left[0m
            [36m</button>[39m
            [36m<span[39m
              [33mdata-testid[39m=[32m"left-die"[39m
            [36m>[39m
              [0m1[0m
            [36m</span>[39m
            [36m<button[39m
              [33mclass[39m=[32m"btn btn-primary"[39m
              [33mtype[39m=[32m"button"[39m
            [36m>[39m
              [0mRoll Right[0m
            [36m</button>[39m
            [36m<span[39m
              [33mdata-testid[39m=[32m"right-die"[39m
            [36m>[39m
              [0m6[0m
            [36m</span>[39m
            [36m<div>[39m
              [0m null [0m
            [36m</div>[39m
            [36m<div>[39m
              [0m null [0m
            [36m</div>[39m
          [36m</div>[39m
          [36m<hr />[39m
          [36m<div>[39m
            [36m<button[39m
              [33mclass[39m=[32m"btn btn-primary"[39m
              [33mtype[39m=[32m"button"[39m
            [36m>[39m
              [0mChange Type[0m
            [36m</button>[39m
            [36m<span>[39m
              [0mShort Answer[0m
            [36m</span>[39m
          [36m</div>[39m
          [36m<hr />[39m
          [36m<div>[39m
            [36m<div>[39m
              [0mCycle Holiday[0m
            [36m</div>[39m
            [36m<button[39m
              [33mclass[39m=[32m"btn btn-primary"[39m
              [33mtype[39m=[32m"button"[39m
            [36m>[39m
              [0mAdvance by Alphabet[0m
            [36m</button>[39m
            [36m<button[39m
              [33mclass[39m=[32m"btn btn-primary"[39m
              [33mtype[39m=[32m"button"[39m
            [36m>[39m
              [0mAdvance by Year[0m
            [36m</button>[39m
            [36m<div>[39m
              [36m<span>[39m
                [0m Holiday: 👑 [0m
              [36m</span>[39m
            [36m</div>[39m
          [36m</div>[39m
        [36m</div>[39m
      [36m</div>[39m
    [36m</body>[39m

      20 |     test("There is a list with at least three elements", () => {
      21 |         render(<App />);
    > 22 |         const list = screen.getByRole("list");
         |                             ^
      23 |         expect(list).toBeInTheDocument();
      24 |         expect(list.children.length).toBeGreaterThanOrEqual(3);
      25 |     });

      at Object.getElementError (node_modules/@testing-library/dom/dist/config.js:38:19)
      at node_modules/@testing-library/dom/dist/query-helpers.js:90:38
      at node_modules/@testing-library/dom/dist/query-helpers.js:62:17
      at getByRole (node_modules/@testing-library/dom/dist/query-helpers.js:111:19)
      at Object.<anonymous> (src/HtmlCss.test.tsx:22:29)

  ● Some Bootstrap Elements are added › There is one bootstrap button with the text 'Log Hello World'

    TestingLibraryElementError: Unable to find an accessible element with the role "button" and name `/Log Hello World/i`

    Here are the accessible roles:

      banner:

      Name "":
      [36m<header[39m
        [33mclass[39m=[32m"App-header"[39m
      [36m/>[39m

      --------------------------------------------------
      separator:

      Name "":
      [36m<hr />[39m

      Name "":
      [36m<hr />[39m

      Name "":
      [36m<hr />[39m

      Name "":
      [36m<hr />[39m

      Name "":
      [36m<hr />[39m

      Name "":
      [36m<hr />[39m

      --------------------------------------------------
      button:

      Name "Add One":
      [36m<button[39m
        [33mclass[39m=[32m"btn btn-primary"[39m
        [33mtype[39m=[32m"button"[39m
      [36m/>[39m

      Name "Reveal Answer":
      [36m<button[39m
        [33mclass[39m=[32m"btn btn-primary"[39m
        [33mtype[39m=[32m"button"[39m
      [36m/>[39m

      Name "Start Quiz":
      [36m<button[39m
        [33mclass[39m=[32m"btn btn-primary"[39m
        [33mtype[39m=[32m"button"[39m
      [36m/>[39m

      Name "Stop Quiz":
      [36m<button[39m
        [33mclass[39m=[32m"btn btn-primary"[39m
        [33mdisabled[39m=[32m""[39m
        [33mtype[39m=[32m"button"[39m
      [36m/>[39m

      Name "Mulligan":
      [36m<button[39m
        [33mclass[39m=[32m"btn btn-primary"[39m
        [33mtype[39m=[32m"button"[39m
      [36m/>[39m

      Name "Roll Left":
      [36m<button[39m
        [33mclass[39m=[32m"btn btn-primary"[39m
        [33mtype[39m=[32m"button"[39m
      [36m/>[39m

      Name "Roll Right":
      [36m<button[39m
        [33mclass[39m=[32m"btn btn-primary"[39m
        [33mtype[39m=[32m"button"[39m
      [36m/>[39m

      Name "Change Type":
      [36m<button[39m
        [33mclass[39m=[32m"btn btn-primary"[39m
        [33mtype[39m=[32m"button"[39m
      [36m/>[39m

      Name "Advance by Alphabet":
      [36m<button[39m
        [33mclass[39m=[32m"btn btn-primary"[39m
        [33mtype[39m=[32m"button"[39m
      [36m/>[39m

      Name "Advance by Year":
      [36m<button[39m
        [33mclass[39m=[32m"btn btn-primary"[39m
        [33mtype[39m=[32m"button"[39m
      [36m/>[39m

      --------------------------------------------------

    Ignored nodes: comments, <script />, <style />
    [36m<body>[39m
      [36m<div>[39m
        [36m<div[39m
          [33mclass[39m=[32m"App"[39m
        [36m>[39m
          [36m<header[39m
            [33mclass[39m=[32m"App-header"[39m
          [36m>[39m
            [0mUD CISC275 with React Hooks and TypeScript.[0m
          [36m</header>[39m
          [36m<hr />[39m
          [36m<span>[39m
            [36m<button[39m
              [33mclass[39m=[32m"btn btn-primary"[39m
              [33mtype[39m=[32m"button"[39m
            [36m>[39m
              [0mAdd One[0m
            [36m</button>[39m
            [0mto [0m
            [0m0[0m
            [0m.[0m
          [36m</span>[39m
          [36m<hr />[39m
          [36m<div>[39m
            [36m<button[39m
              [33mclass[39m=[32m"btn btn-primary"[39m
              [33mtype[39m=[32m"button"[39m
            [36m>[39m
              [0mReveal Answer[0m
            [36m</button>[39m
          [36m</div>[39m
          [36m<hr />[39m
          [36m<div>[39m
            [36m<div>[39m
              [0mStart Attempt[0m
            [36m</div>[39m
            [36m<div>[39m
              [0m [0m
              [0m4[0m
              [0m [0m
            [36m</div>[39m
            [36m<button[39m
              [33mclass[39m=[32m"btn btn-primary"[39m
              [33mtype[39m=[32m"button"[39m
            [36m>[39m
              [0mStart Quiz[0m
            [36m</button>[39m
            [36m<button[39m
              [33mclass[39m=[32m"btn btn-primary"[39m
              [33mdisabled[39m=[32m""[39m
              [33mtype[39m=[32m"button"[39m
            [36m>[39m
              [0mStop Quiz[0m
            [36m</button>[39m
            [36m<button[39m
              [33mclass[39m=[32m"btn btn-primary"[39m
              [33mtype[39m=[32m"button"[39m
            [36m>[39m
              [0mMulligan[0m
            [36m</button>[39m
          [36m</div>[39m
          [36m<hr />[39m
          [36m<div>[39m
            [36m<div>[39m
              [0mTwo Dice[0m
            [36m</div>[39m
            [36m<button[39m
              [33mclass[39m=[32m"btn btn-primary"[39m
              [33mtype[39m=[32m"button"[39m
            [36m>[39m
              [0mRoll Left[0m
            [36m</button>[39m
            [36m<span[39m
              [33mdata-testid[39m=[32m"left-die"[39m
            [36m>[39m
              [0m1[0m
            [36m</span>[39m
            [36m<button[39m
              [33mclass[39m=[32m"btn btn-primary"[39m
              [33mtype[39m=[32m"button"[39m
            [36m>[39m
              [0mRoll Right[0m
            [36m</button>[39m
            [36m<span[39m
              [33mdata-testid[39m=[32m"right-die"[39m
            [36m>[39m
              [0m6[0m
            [36m</span>[39m
            [36m<div>[39m
              [0m null [0m
            [36m</div>[39m
            [36m<div>[39m
              [0m null [0m
            [36m</div>[39m
          [36m</div>[39m
          [36m<hr />[39m
          [36m<div>[39m
            [36m<button[39m
              [33mclass[39m=[32m"btn btn-primary"[39m
              [33mtype[39m=[32m"button"[39m
            [36m>[39m
              [0mChange Type[0m
            [36m</button>[39m
            [36m<span>[39m
              [0mShort Answer[0m
            [36m</span>[39m
          [36m</div>[39m
          [36m<hr />[39m
          [36m<div>[39m
            [36m<div>[39m
              [0mCycle Holiday[0m
            [36m</div>[39m
            [36m<button[39m
              [33mclass[39m=[32m"btn btn-primary"[39m
              [33mtype[39m=[32m"button"[39m
            [36m>[39m
              [0mAdvance by Alphabet[0m
            [36m</button>[39m
            [36m<button[39m
              [33mclass[39m=[32m"btn btn-primary"[39m
              [33mtype[39m=[32m"button"[39m
            [36m>[39m
              [0mAdvance by Year[0m
            [36m</button>[39m
            [36m<div>[39m
              [36m<span>[39m
                [0m Holiday: 👑 [0m
              [36m</span>[39m
            [36m</div>[39m
          [36m</div>[39m
        [36m</div>[39m
      [36m</div>[39m
    [36m</body>[39m

      39 |     test("There is one bootstrap button with the text 'Log Hello World'", () => {
      40 |         render(<App />);
    > 41 |         const button = screen.getByRole("button", { name: /Log Hello World/i });
         |                               ^
      42 |         expect(button).toBeInTheDocument();
      43 |         expect(button).toHaveClass("btn");
      44 |         expect(button).toHaveClass("btn-primary");

      at Object.getElementError (node_modules/@testing-library/dom/dist/config.js:38:19)
      at node_modules/@testing-library/dom/dist/query-helpers.js:90:38
      at node_modules/@testing-library/dom/dist/query-helpers.js:62:17
      at getByRole (node_modules/@testing-library/dom/dist/query-helpers.js:111:19)
      at Object.<anonymous> (src/HtmlCss.test.tsx:41:31)

  ● Some Bootstrap Elements are added › Clicking the bootstrap button logs 'Hello World!'

    TestingLibraryElementError: Unable to find an accessible element with the role "button" and name `/Log Hello World/i`

    Here are the accessible roles:

      banner:

      Name "":
      [36m<header[39m
        [33mclass[39m=[32m"App-header"[39m
      [36m/>[39m

      --------------------------------------------------
      separator:

      Name "":
      [36m<hr />[39m

      Name "":
      [36m<hr />[39m

      Name "":
      [36m<hr />[39m

      Name "":
      [36m<hr />[39m

      Name "":
      [36m<hr />[39m

      Name "":
      [36m<hr />[39m

      --------------------------------------------------
      button:

      Name "Add One":
      [36m<button[39m
        [33mclass[39m=[32m"btn btn-primary"[39m
        [33mtype[39m=[32m"button"[39m
      [36m/>[39m

      Name "Reveal Answer":
      [36m<button[39m
        [33mclass[39m=[32m"btn btn-primary"[39m
        [33mtype[39m=[32m"button"[39m
      [36m/>[39m

      Name "Start Quiz":
      [36m<button[39m
        [33mclass[39m=[32m"btn btn-primary"[39m
        [33mtype[39m=[32m"button"[39m
      [36m/>[39m

      Name "Stop Quiz":
      [36m<button[39m
        [33mclass[39m=[32m"btn btn-primary"[39m
        [33mdisabled[39m=[32m""[39m
        [33mtype[39m=[32m"button"[39m
      [36m/>[39m

      Name "Mulligan":
      [36m<button[39m
        [33mclass[39m=[32m"btn btn-primary"[39m
        [33mtype[39m=[32m"button"[39m
      [36m/>[39m

      Name "Roll Left":
      [36m<button[39m
        [33mclass[39m=[32m"btn btn-primary"[39m
        [33mtype[39m=[32m"button"[39m
      [36m/>[39m

      Name "Roll Right":
      [36m<button[39m
        [33mclass[39m=[32m"btn btn-primary"[39m
        [33mtype[39m=[32m"button"[39m
      [36m/>[39m

      Name "Change Type":
      [36m<button[39m
        [33mclass[39m=[32m"btn btn-primary"[39m
        [33mtype[39m=[32m"button"[39m
      [36m/>[39m

      Name "Advance by Alphabet":
      [36m<button[39m
        [33mclass[39m=[32m"btn btn-primary"[39m
        [33mtype[39m=[32m"button"[39m
      [36m/>[39m

      Name "Advance by Year":
      [36m<button[39m
        [33mclass[39m=[32m"btn btn-primary"[39m
        [33mtype[39m=[32m"button"[39m
      [36m/>[39m

      --------------------------------------------------

    Ignored nodes: comments, <script />, <style />
    [36m<body>[39m
      [36m<div>[39m
        [36m<div[39m
          [33mclass[39m=[32m"App"[39m
        [36m>[39m
          [36m<header[39m
            [33mclass[39m=[32m"App-header"[39m
          [36m>[39m
            [0mUD CISC275 with React Hooks and TypeScript.[0m
          [36m</header>[39m
          [36m<hr />[39m
          [36m<span>[39m
            [36m<button[39m
              [33mclass[39m=[32m"btn btn-primary"[39m
              [33mtype[39m=[32m"button"[39m
            [36m>[39m
              [0mAdd One[0m
            [36m</button>[39m
            [0mto [0m
            [0m0[0m
            [0m.[0m
          [36m</span>[39m
          [36m<hr />[39m
          [36m<div>[39m
            [36m<button[39m
              [33mclass[39m=[32m"btn btn-primary"[39m
              [33mtype[39m=[32m"button"[39m
            [36m>[39m
              [0mReveal Answer[0m
            [36m</button>[39m
          [36m</div>[39m
          [36m<hr />[39m
          [36m<div>[39m
            [36m<div>[39m
              [0mStart Attempt[0m
            [36m</div>[39m
            [36m<div>[39m
              [0m [0m
              [0m4[0m
              [0m [0m
            [36m</div>[39m
            [36m<button[39m
              [33mclass[39m=[32m"btn btn-primary"[39m
              [33mtype[39m=[32m"button"[39m
            [36m>[39m
              [0mStart Quiz[0m
            [36m</button>[39m
            [36m<button[39m
              [33mclass[39m=[32m"btn btn-primary"[39m
              [33mdisabled[39m=[32m""[39m
              [33mtype[39m=[32m"button"[39m
            [36m>[39m
              [0mStop Quiz[0m
            [36m</button>[39m
            [36m<button[39m
              [33mclass[39m=[32m"btn btn-primary"[39m
              [33mtype[39m=[32m"button"[39m
            [36m>[39m
              [0mMulligan[0m
            [36m</button>[39m
          [36m</div>[39m
          [36m<hr />[39m
          [36m<div>[39m
            [36m<div>[39m
              [0mTwo Dice[0m
            [36m</div>[39m
            [36m<button[39m
              [33mclass[39m=[32m"btn btn-primary"[39m
              [33mtype[39m=[32m"button"[39m
            [36m>[39m
              [0mRoll Left[0m
            [36m</button>[39m
            [36m<span[39m
              [33mdata-testid[39m=[32m"left-die"[39m
            [36m>[39m
              [0m1[0m
            [36m</span>[39m
            [36m<button[39m
              [33mclass[39m=[32m"btn btn-primary"[39m
              [33mtype[39m=[32m"button"[39m
            [36m>[39m
              [0mRoll Right[0m
            [36m</button>[39m
            [36m<span[39m
              [33mdata-testid[39m=[32m"right-die"[39m
            [36m>[39m
              [0m6[0m
            [36m</span>[39m
            [36m<div>[39m
              [0m null [0m
            [36m</div>[39m
            [36m<div>[39m
              [0m null [0m
            [36m</div>[39m
          [36m</div>[39m
          [36m<hr />[39m
          [36m<div>[39m
            [36m<button[39m
              [33mclass[39m=[32m"btn btn-primary"[39m
              [33mtype[39m=[32m"button"[39m
            [36m>[39m
              [0mChange Type[0m
            [36m</button>[39m
            [36m<span>[39m
              [0mShort Answer[0m
            [36m</span>[39m
          [36m</div>[39m
          [36m<hr />[39m
          [36m<div>[39m
            [36m<div>[39m
              [0mCycle Holiday[0m
            [36m</div>[39m
            [36m<button[39m
              [33mclass[39m=[32m"btn btn-primary"[39m
              [33mtype[39m=[32m"button"[39m
            [36m>[39m
              [0mAdvance by Alphabet[0m
            [36m</button>[39m
            [36m<button[39m
              [33mclass[39m=[32m"btn btn-primary"[39m
              [33mtype[39m=[32m"button"[39m
            [36m>[39m
              [0mAdvance by Year[0m
            [36m</button>[39m
            [36m<div>[39m
              [36m<span>[39m
                [0m Holiday: 👑 [0m
              [36m</span>[39m
            [36m</div>[39m
          [36m</div>[39m
        [36m</div>[39m
      [36m</div>[39m
    [36m</body>[39m

      54 |         const consoleSpy = jest.spyOn(console, "log");
      55 |         render(<App />);
    > 56 |         const button = screen.getByRole("button", { name: /Log Hello World/i });
         |                               ^
      57 |         userEvent.click(button);
      58 |         expect(consoleSpy).toHaveBeenCalledWith("Hello World!");
      59 |     });

      at Object.getElementError (node_modules/@testing-library/dom/dist/config.js:38:19)
      at node_modules/@testing-library/dom/dist/query-helpers.js:90:38
      at node_modules/@testing-library/dom/dist/query-helpers.js:62:17
      at getByRole (node_modules/@testing-library/dom/dist/query-helpers.js:111:19)
      at Object.<anonymous> (src/HtmlCss.test.tsx:56:31)

PASS src/functions.test.ts
PASS src/components/ChangeType.test.tsx
PASS src/components/CycleHoliday.test.tsx
PASS src/components/Counter.test.tsx
PASS src/components/RevealAnswer.test.tsx
FAIL src/text.test.tsx
  ● renders the text 'Hello World' somewhere

    TestingLibraryElementError: Unable to find an element with the text: /Hello World/. This could be because the text is broken up by multiple elements. In this case, you can provide a function for your text matcher to make your matcher more flexible.

    Ignored nodes: comments, <script />, <style />
    [36m<body>[39m
      [36m<div>[39m
        [36m<div[39m
          [33mclass[39m=[32m"App"[39m
        [36m>[39m
          [36m<header[39m
            [33mclass[39m=[32m"App-header"[39m
          [36m>[39m
            [0mUD CISC275 with React Hooks and TypeScript.[0m
          [36m</header>[39m
          [36m<hr />[39m
          [36m<span>[39m
            [36m<button[39m
              [33mclass[39m=[32m"btn btn-primary"[39m
              [33mtype[39m=[32m"button"[39m
            [36m>[39m
              [0mAdd One[0m
            [36m</button>[39m
            [0mto [0m
            [0m0[0m
            [0m.[0m
          [36m</span>[39m
          [36m<hr />[39m
          [36m<div>[39m
            [36m<button[39m
              [33mclass[39m=[32m"btn btn-primary"[39m
              [33mtype[39m=[32m"button"[39m
            [36m>[39m
              [0mReveal Answer[0m
            [36m</button>[39m
          [36m</div>[39m
          [36m<hr />[39m
          [36m<div>[39m
            [36m<div>[39m
              [0mStart Attempt[0m
            [36m</div>[39m
            [36m<div>[39m
              [0m [0m
              [0m4[0m
              [0m [0m
            [36m</div>[39m
            [36m<button[39m
              [33mclass[39m=[32m"btn btn-primary"[39m
              [33mtype[39m=[32m"button"[39m
            [36m>[39m
              [0mStart Quiz[0m
            [36m</button>[39m
            [36m<button[39m
              [33mclass[39m=[32m"btn btn-primary"[39m
              [33mdisabled[39m=[32m""[39m
              [33mtype[39m=[32m"button"[39m
            [36m>[39m
              [0mStop Quiz[0m
            [36m</button>[39m
            [36m<button[39m
              [33mclass[39m=[32m"btn btn-primary"[39m
              [33mtype[39m=[32m"button"[39m
            [36m>[39m
              [0mMulligan[0m
            [36m</button>[39m
          [36m</div>[39m
          [36m<hr />[39m
          [36m<div>[39m
            [36m<div>[39m
              [0mTwo Dice[0m
            [36m</div>[39m
            [36m<button[39m
              [33mclass[39m=[32m"btn btn-primary"[39m
              [33mtype[39m=[32m"button"[39m
            [36m>[39m
              [0mRoll Left[0m
            [36m</button>[39m
            [36m<span[39m
              [33mdata-testid[39m=[32m"left-die"[39m
            [36m>[39m
              [0m1[0m
            [36m</span>[39m
            [36m<button[39m
              [33mclass[39m=[32m"btn btn-primary"[39m
              [33mtype[39m=[32m"button"[39m
            [36m>[39m
              [0mRoll Right[0m
            [36m</button>[39m
            [36m<span[39m
              [33mdata-testid[39m=[32m"right-die"[39m
            [36m>[39m
              [0m6[0m
            [36m</span>[39m
            [36m<div>[39m
              [0m null [0m
            [36m</div>[39m
            [36m<div>[39m
              [0m null [0m
            [36m</div>[39m
          [36m</div>[39m
          [36m<hr />[39m
          [36m<div>[39m
            [36m<button[39m
              [33mclass[39m=[32m"btn btn-primary"[39m
              [33mtype[39m=[32m"button"[39m
            [36m>[39m
              [0mChange Type[0m
            [36m</button>[39m
            [36m<span>[39m
              [0mShort Answer[0m
            [36m</span>[39m
          [36m</div>[39m
          [36m<hr />[39m
          [36m<div>[39m
            [36m<div>[39m
              [0mCycle Holiday[0m
            [36m</div>[39m
            [36m<button[39m
              [33mclass[39m=[32m"btn btn-primary"[39m
              [33mtype[39m=[32m"button"[39m
            [36m>[39m
              [0mAdvance by Alphabet[0m
            [36m</button>[39m
            [36m<button[39m
              [33mclass[39m=[32m"btn btn-primary"[39m
              [33mtype[39m=[32m"button"[39m
            [36m>[39m
              [0mAdvance by Year[0m
            [36m</button>[39m
            [36m<div>[39m
              [36m<span>[39m
                [0m Holiday: 👑 [0m
              [36m</span>[39m
            [36m</div>[39m
          [36m</div>[39m
        [36m</div>[39m
      [36m</div>[39m
    [36m</body>[39m

       5 | test("renders the text 'Hello World' somewhere", () => {
       6 |     render(<App />);
    >  7 |     const texts = screen.getAllByText(/Hello World/);
         |                          ^
       8 |     expect(texts.length).toBeGreaterThanOrEqual(1);
       9 | });
      10 |

      at Object.getElementError (node_modules/@testing-library/dom/dist/config.js:38:19)
      at node_modules/@testing-library/dom/dist/query-helpers.js:90:38
      at getAllByText (node_modules/@testing-library/dom/dist/query-helpers.js:130:15)
      at Object.<anonymous> (src/text.test.tsx:7:26)

PASS src/App.test.tsx
-------------------|---------|----------|---------|---------|-------------------
File               | % Stmts | % Branch | % Funcs | % Lines | Uncovered Line #s 
-------------------|---------|----------|---------|---------|-------------------
All files          |     100 |    98.86 |     100 |     100 |                   
 src               |     100 |      100 |     100 |     100 |                   
  App.tsx          |     100 |      100 |     100 |     100 |                   
  arrays.ts        |     100 |      100 |     100 |     100 |                   
  functions.ts     |     100 |      100 |     100 |     100 |                   
  nested.ts        |     100 |      100 |     100 |     100 |                   
  objects.ts       |     100 |      100 |     100 |     100 |                   
 src/components    |     100 |    96.42 |     100 |     100 |                   
  ChangeType.tsx   |     100 |      100 |     100 |     100 |                   
  Counter.tsx      |     100 |      100 |     100 |     100 |                   
  CycleHoliday.tsx |     100 |       90 |     100 |     100 | 43                
  RevealAnswer.tsx |     100 |      100 |     100 |     100 |                   
  StartAttempt.tsx |     100 |      100 |     100 |     100 |                   
  TwoDice.tsx      |     100 |      100 |     100 |     100 |                   
 src/interfaces    |       0 |        0 |       0 |       0 |                   
  answer.ts        |       0 |        0 |       0 |       0 |                   
  question.ts      |       0 |        0 |       0 |       0 |                   
-------------------|---------|----------|---------|---------|-------------------

Test Suites: 2 failed, 11 passed, 13 total
Tests:       6 failed, 95 passed, 101 total
Snapshots:   0 total
Time:        10.853 s
Ran all test suites.
